2026-07-05 17:13:50 [INFO] root - [Log] Sesión iniciada → logs/subtitulos_20260705_171350.log
2026-07-05 17:13:50 [INFO] app_flask - [Job 0cb59f11] INICIO — youtube=True | lang=auto | model=medium
2026-07-05 17:13:50 [ERROR] app_flask - [Job 0cb59f11] ERROR en pipeline
Traceback (most recent call last):
  File "/home/jaime/solo_ia/projects/subtitulos_srt/app_flask.py", line 592, in _run_job
    srt_copy.write_text(srt_content, encoding="utf-8")
  File "/usr/lib/python3.12/pathlib.py", line 1047, in write_text
    with self.open(mode='w', encoding=encoding, errors=errors, newline=newline) as f:
         ^^^^^^^^^^^^^^^^^^^^^^^^^^^^^^^^^^^^^^^^^^^^^^^^^^^^^^^^^^^^^^^^^^^^^^
  File "/usr/lib/python3.12/pathlib.py", line 1013, in open
    return io.open(self, mode, buffering, encoding, errors, newline)
           ^^^^^^^^^^^^^^^^^^^^^^^^^^^^^^^^^^^^^^^^^^^^^^^^^^^^^^^^^
FileNotFoundError: [Errno 2] No such file or directory: '/home/jaime/Downloads/Fake Video.srt'
2026-07-05 17:13:50 [INFO] app_flask - [Job 031d8540] INICIO — youtube=True | lang=auto | model=medium
2026-07-05 17:13:50 [ERROR] app_flask - [Job 031d8540] ERROR en pipeline
Traceback (most recent call last):
  File "/home/jaime/solo_ia/projects/subtitulos_srt/app_flask.py", line 592, in _run_job
    srt_copy.write_text(srt_content, encoding="utf-8")
  File "/usr/lib/python3.12/pathlib.py", line 1047, in write_text
    with self.open(mode='w', encoding=encoding, errors=errors, newline=newline) as f:
         ^^^^^^^^^^^^^^^^^^^^^^^^^^^^^^^^^^^^^^^^^^^^^^^^^^^^^^^^^^^^^^^^^^^^^^
  File "/usr/lib/python3.12/pathlib.py", line 1013, in open
    return io.open(self, mode, buffering, encoding, errors, newline)
           ^^^^^^^^^^^^^^^^^^^^^^^^^^^^^^^^^^^^^^^^^^^^^^^^^^^^^^^^^
FileNotFoundError: [Errno 2] No such file or directory: '/home/jaime/Downloads/Fake Video.srt'
